     1                                  section .data ; сегмент инициализированных переменных
     2 00000000 FFFF                    f1 dw 65535
     3 00000002 FFFF0000                f2 dd 65535
     4                                  
     5                                  section .bss ; сегмент неинициализированных переменных
     6                                  
     7                                  section .text ; сегмент кода
     8                                  
     9                                  global _start
    10                                  _start:
    11 00000000 668B0D[00000000]        mov cx, [f1]
    12 00000007 8B15[02000000]          mov edx, [f2]
    13 0000000D 6683C101                add cx, 1
    14 00000011 83C201                  add edx, 1
    15                                  ; write
    16                                  
    17                                  ; read
    18                                  
    19                                  ; exit
    20 00000014 B801000000              mov eax, 1 ; системная функция 1 (exit)
    21 00000019 31DB                    xor ebx, ebx ; код возврата 0
    22 0000001B CD80                    int 80h ; вызов системной функции
