     1                                  section .data ; сегмент инициализированных переменных
     2 00000000 1900                    a dw 25
     3 00000002 DDFFFFFF                b dd -35
     4 00000006 566C6164696D697220-     name dw "Vladimir Владимир",10
     4 0000000F D092D0BBD0B0D0B4D0-
     4 00000018 B8D0BCD0B8D180000A-
     4 00000021 00                 
     5                                  
     6                                  
     7                                  
     8                                  section .bss ; сегмент неинициализированных переменных
     9                                  
    10                                  
    11                                  section .text ; сегмент кода
    12                                  
    13                                  global _start
    14                                  _start:
    15 00000000 8B0D[00000000]          mov ecx, [a]
    16                                  
    17                                  ; write
    18                                  
    19                                  
    20                                  ; read
    21                                  
    22                                  
    23                                  ; exit
    24 00000006 B801000000              mov eax, 1 ; системная функция 1 (exit)
    25 0000000B 31DB                    xor ebx, ebx ; код возврата 0
    26 0000000D CD80                    int 80h ; вызов системной функции
