     1                                  section .data ; сегмент инициализированных переменных
     2 00000000 2500                    a dw 25h
     3 00000002 2500                    b dw 37
     4                                  
     5                                  section .bss ; сегмент неинициализированных переменных
     6                                  
     7                                  section .text ; сегмент кода
     8                                  
     9                                  global _start
    10                                  _start:
    11 00000000 66A1[00000000]          mov ax, [a]
    12 00000006 8A2D[00000000]          mov ch, [a]
    13                                  
    14 0000000C 668B15[02000000]        mov dx, [b]
    15 00000013 8A3D[02000000]          mov bh, [b]
    16                                  
    17                                  
    18                                  ; write
    19                                  
    20                                  
    21                                  ; read
    22                                  
    23                                  
    24                                  ; exit
    25 00000019 B801000000              mov eax, 1 ; системная функция 1 (exit)
    26 0000001E 31DB                    xor ebx, ebx ; код возврата 0
    27 00000020 CD80                    int 80h ; вызов системной функции
