     1                                  section .data ; сегмент инициализированных переменных
     2 00000000 0A00                    A dw 10
     3 00000002 1400                    B dw 20
     4                                  section .bss ; сегмент неинициализированных переменных
     5 00000000 <res 00000002>          C resw 1
     6                                  section .text ; сегмент кода
     7                                  global _start
     8                                  _start:
     9                                  
    10 00000000 66A1[00000000]          mov AX, [A]
    11 00000006 660305[02000000]        add AX, [B]
    12 0000000D 66A3[00000000]          mov [C], AX
    13                                  
    14                                  ; exit
    15 00000013 B801000000              mov eax, 1 ; системная функция 1 (exit)
    16 00000018 31DB                    xor ebx, ebx ; код возврата 0
    17 0000001A CD80                    int 80h ; вызов системной функции
