     1                                  section .data ; сегмент инициализированных переменных
     2 00000000 E2FF                    A dw -30
     3 00000002 1500                    B dw 21
     4                                  
     5                                  section .bss ; сегмент неинициализированных переменных
     6 00000000 <res 00000004>          X resd 1
     7                                  
     8                                  section .text ; сегмент кода
     9                                  
    10                                  global _start
    11                                  _start:
    12 00000000 A1[00000000]            mov EAX, [A] ; загрузить число A в регистр EAX
    13 00000005 83C005                  add EAX, 5 ; сложить EAX и 5, результат в EAX
    14 00000008 2B05[02000000]          sub EAX, [B] ; вычесть число B, результат в EAX
    15 0000000E A3[00000000]            mov [X], EAX ; сохранить результат в памяти
    16                                  
    17                                  ; write
    18                                  
    19                                  
    20                                  ; read
    21                                  
    22                                  
    23                                  ; exit
    24 00000013 B801000000              mov eax, 1 ; системная функция 1 (exit)
    25 00000018 31DB                    xor ebx, ebx ; код возврата 0
    26 0000001A CD80                    int 80h ; вызов системной функции
